01,061,one seven four zero nine three eight two five six
01,062,three seven zero eight six nine five one four two
01,063,eight one five nine zero six seven four two three
01,064,four eight zero seven three
01,065,one nine six five two
01,066,nine three six zero one
01,067,two seven four eight five
01,068,seven two nine zero five
01,069,six three one four eight
01,070,eight six two three nine
01,071,five four zero seven one
01,072,zero six four nine two
01,073,five eight seven three one
02,061,six zero eight four seven five nine one three two
02,062,eight two three six zero one nine five seven four
02,063,five four one zero three seven two eight nine six
02,064,six eight two five zero
02,065,nine seven three one four
02,066,five eight two nine zero
02,067,six three four one seven
02,068,four one five seven zero
02,069,three eight six nine two
02,070,five four one three two
02,071,six seven nine zero eight
02,072,four two zero eight one
02,073,nine three seven five six
03,061,six seven one two eight five four zero nine three
03,062,nine three five eight seven zero two four six one
03,063,six two eight four five zero three nine seven one
03,064,seven nine zero three two
03,065,eight one five four six
03,066,zero one three five four
03,067,two six seven eight nine
03,068,five nine eight four zero
03,069,six seven two three one
03,070,seven three eight six zero
03,071,four nine one two five
03,072,zero seven five four nine
03,073,one two six three eight
04,061,two eight zero three six five four one nine seven
04,062,four seven zero six three one nine five eight two
04,063,one three zero two seven four eight six nine five
04,064,six five seven nine three
04,065,zero one four eight two
04,066,six seven two one nine
04,067,eight five four three zero
04,068,nine seven eight two four
04,069,zero five six one three
04,070,four seven nine one two
04,071,eight zero three five six
04,072,one six five zero seven
04,073,eight three two nine four
05,061,four nine three one eight two zero five six seven
05,062,four one zero nine five three six seven eight two
05,063,nine zero one eight six three seven four five two
05,064,seven one four three two
05,065,five eight zero nine six
05,066,nine two three five four
05,067,zero seven six eight one
05,068,two three one nine eight
05,069,zero five four six seven
05,070,six zero five two nine
05,071,seven four one three eight
05,072,two one seven eight nine
05,073,zero five six three four
06,061,seven zero three four eight nine one six two five
06,062,one four nine zero two seven eight five three six
06,063,one nine four three two six zero eight seven five
06,064,one zero six five three
06,065,seven two nine four eight
06,066,five six eight one nine
06,067,four zero seven two three
06,068,five seven four two one
06,069,nine three zero six eight
06,070,four nine three five zero
06,071,eight six one two seven
06,072,four two eight seven zero
06,073,five six three nine one
07,061,zero one eight nine four seven five six two three
07,062,nine five four zero two seven one eight six three
07,063,one zero nine eight five two six three seven four
07,064,three eight four five six
07,065,two nine seven zero one
07,066,one four two three seven
07,067,five nine zero eight six
07,068,seven eight nine four six
07,069,zero one two five three
07,070,zero eight seven two six
07,071,nine four five one three
07,072,six two nine zero one
07,073,eight three seven five four
08,061,seven two nine eight zero one six four three five
08,062,one four nine eight three five zero two six seven
08,063,six zero one three nine seven two five four eight
08,064,one eight three six nine
08,065,four two seven zero five
08,066,six eight three two five
08,067,zero seven one nine four
08,068,seven two six five four
08,069,one nine eight three zero
08,070,eight three four two six
08,071,nine one five zero seven
08,072,eight six one five four
08,073,nine zero two seven three
09,061,four eight zero five one two seven six nine three
09,062,zero six one nine five three four eight two seven
09,063,six eight four seven one two nine three zero five
09,064,six eight nine seven two
09,065,four five zero three one
09,066,eight six nine one three
09,067,two four seven zero five
09,068,four two one seven six
09,069,zero three eight nine five
09,070,seven five zero four two
09,071,one three eight six nine
09,072,nine zero eight three four
09,073,two one seven five six